The target system is: Linux - 1 - RISCV
The host system is: Linux - 6.6.87.2-microsoft-standard-WSL2 - x86_64
Compiling the C compiler identification source file "CMakeCCompilerId.c" succeeded.
Compiler: /mnt/c/Users/cwier/documents/github/qcom/toolchain/linux_x86_64/bin/riscv64-unknown-elf-gcc 
Build flags: 
Id flags:  

The output was:
0


Compilation of the C compiler identification source "CMakeCCompilerId.c" produced "a.out"

The C compiler identification is GNU, found in "/mnt/c/Users/cwier/documents/github/qcom/examples/usb_cam_stream/build_wsl/CMakeFiles/3.25.1/CompilerIdC/a.out"

Compiling the CXX compiler identification source file "CMakeCXXCompilerId.cpp" succeeded.
Compiler: /mnt/c/Users/cwier/documents/github/qcom/toolchain/linux_x86_64/bin/riscv64-unknown-elf-g++ 
Build flags: 
Id flags:  

The output was:
0


Compilation of the CXX compiler identification source "CMakeCXXCompilerId.cpp" produced "a.out"

The CXX compiler identification is GNU, found in "/mnt/c/Users/cwier/documents/github/qcom/examples/usb_cam_stream/build_wsl/CMakeFiles/3.25.1/CompilerIdCXX/a.out"

Checking whether the ASM compiler is GNU using "--version" matched "(GNU assembler)|(GCC)|(Free Software Foundation)":
riscv64-unknown-elf-gcc (GCC) 10.4.0
Copyright (C) 2020 Free Software Foundation, Inc.
This is free software; see the source for copying conditions.  There is NO
warranty; not even for MERCHANTABILITY or FITNESS FOR A PARTICULAR PURPOSE.

Detecting C compiler ABI info compiled with the following output:
Change Dir: /mnt/c/Users/cwier/documents/github/qcom/examples/usb_cam_stream/build_wsl/CMakeFiles/CMakeScratch/TryCompile-S95qla

Run Build Command(s):/usr/bin/gmake -f Makefile cmTC_57fbf/fast && gmake[1]: Entering directory '/mnt/c/Users/cwier/documents/github/qcom/examples/usb_cam_stream/build_wsl/CMakeFiles/CMakeScratch/TryCompile-S95qla'
gmake[1]: Warning: File 'Makefile' has modification time 0.22 s in the future
/usr/bin/gmake  -f CMakeFiles/cmTC_57fbf.dir/build.make CMakeFiles/cmTC_57fbf.dir/build
gmake[2]: Entering directory '/mnt/c/Users/cwier/documents/github/qcom/examples/usb_cam_stream/build_wsl/CMakeFiles/CMakeScratch/TryCompile-S95qla'
gmake[2]: Warning: File 'CMakeFiles/cmTC_57fbf.dir/flags.make' has modification time 0.18 s in the future
Building C object CMakeFiles/cmTC_57fbf.dir/CMakeCCompilerABI.c.o
/mnt/c/Users/cwier/documents/github/qcom/toolchain/linux_x86_64/bin/riscv64-unknown-elf-gcc   -v -o CMakeFiles/cmTC_57fbf.dir/CMakeCCompilerABI.c.o -c /mnt/c/Users/cwier/documents/github/qcom/tools/cmake/share/cmake-3.25/Modules/CMakeCCompilerABI.c
Using built-in specs.
COLLECT_GCC=/mnt/c/Users/cwier/documents/github/qcom/toolchain/linux_x86_64/bin/riscv64-unknown-elf-gcc
Target: riscv64-unknown-elf
Configured with: /local/mnt/workspace/balaband/Projects/QC/open_toolchain/xuantie-gnu-toolchain/riscv-gcc/configure --target=riscv64-unknown-elf CXXFLAGS='-g -O2 ' --disable-libgcctf --prefix=/opt/riscv --disable-shared --enable-threads=posix --enable-languages=c,c++ --with-system-zlib --enable-tls --with-newlib --with-sysroot=/opt/riscv/riscv64-unknown-elf --with-native-system-header-dir=/include --disable-libmudflap --disable-libssp --disable-libquadmath --disable-libgomp --disable-nls --disable-tm-clone-registry --src=.././riscv-gcc --enable-multilib --with-abi=lp64d --with-arch=rv64imafdc 'CFLAGS_FOR_TARGET=-Os   -mcmodel=medlow' 'CXXFLAGS_FOR_TARGET=-Os   -mcmodel=medlow'
Thread model: posix
Supported LTO compression algorithms: zlib
gcc version 10.4.0 (GCC) 
COLLECT_GCC_OPTIONS='-v' '-o' 'CMakeFiles/cmTC_57fbf.dir/CMakeCCompilerABI.c.o' '-c' '-march=rv64imafdc' '-mabi=lp64d' '-march=rv64imafdc'
 /mnt/c/Users/cwier/documents/github/qcom/toolchain/linux_x86_64/bin/../libexec/gcc/riscv64-unknown-elf/10.4.0/cc1 -quiet -v -imultilib . -iprefix /mnt/c/Users/cwier/documents/github/qcom/toolchain/linux_x86_64/bin/../lib/gcc/riscv64-unknown-elf/10.4.0/ -isysroot /mnt/c/Users/cwier/documents/github/qcom/toolchain/linux_x86_64/bin/../riscv64-unknown-elf /mnt/c/Users/cwier/documents/github/qcom/tools/cmake/share/cmake-3.25/Modules/CMakeCCompilerABI.c -quiet -dumpbase CMakeCCompilerABI.c -march=rv64imafdc -mabi=lp64d -march=rv64imafdc -auxbase-strip CMakeFiles/cmTC_57fbf.dir/CMakeCCompilerABI.c.o -version -o /tmp/cchrXD1d.s
GNU C17 (GCC) version 10.4.0 (riscv64-unknown-elf)
	compiled by GNU C version 9.4.0, GMP version 6.2.0, MPFR version 4.0.2, MPC version 1.1.0, isl version none
warning: GMP header version 6.2.0 differs from library version 6.2.1.
warning: MPFR header version 4.0.2 differs from library version 4.1.0.
warning: MPC header version 1.1.0 differs from library version 1.2.1.
GGC heuristics: --param ggc-min-expand=100 --param ggc-min-heapsize=131072
ignoring duplicate directory "/mnt/c/Users/cwier/documents/github/qcom/toolchain/linux_x86_64/bin/../lib/gcc/../../lib/gcc/riscv64-unknown-elf/10.4.0/include"
ignoring nonexistent directory "/mnt/c/Users/cwier/documents/github/qcom/toolchain/linux_x86_64/bin/../riscv64-unknown-elf/usr/local/include"
ignoring duplicate directory "/mnt/c/Users/cwier/documents/github/qcom/toolchain/linux_x86_64/bin/../lib/gcc/../../lib/gcc/riscv64-unknown-elf/10.4.0/include-fixed"
ignoring duplicate directory "/mnt/c/Users/cwier/documents/github/qcom/toolchain/linux_x86_64/bin/../lib/gcc/../../lib/gcc/riscv64-unknown-elf/10.4.0/../../../../riscv64-unknown-elf/include"
ignoring duplicate directory "/mnt/c/Users/cwier/documents/github/qcom/toolchain/linux_x86_64/bin/../riscv64-unknown-elf/include"
#include "..." search starts here:
#include <...> search starts here:
 /mnt/c/Users/cwier/documents/github/qcom/toolchain/linux_x86_64/bin/../lib/gcc/riscv64-unknown-elf/10.4.0/include
 /mnt/c/Users/cwier/documents/github/qcom/toolchain/linux_x86_64/bin/../lib/gcc/riscv64-unknown-elf/10.4.0/include-fixed
 /mnt/c/Users/cwier/documents/github/qcom/toolchain/linux_x86_64/bin/../lib/gcc/riscv64-unknown-elf/10.4.0/../../../../riscv64-unknown-elf/include
End of search list.
GNU C17 (GCC) version 10.4.0 (riscv64-unknown-elf)
	compiled by GNU C version 9.4.0, GMP version 6.2.0, MPFR version 4.0.2, MPC version 1.1.0, isl version none
warning: GMP header version 6.2.0 differs from library version 6.2.1.
warning: MPFR header version 4.0.2 differs from library version 4.1.0.
warning: MPC header version 1.1.0 differs from library version 1.2.1.
GGC heuristics: --param ggc-min-expand=100 --param ggc-min-heapsize=131072
Compiler executable checksum: 5aff4b1a37488955e5e9dd7a734e0d3f
COLLECT_GCC_OPTIONS='-v' '-o' 'CMakeFiles/cmTC_57fbf.dir/CMakeCCompilerABI.c.o' '-c' '-march=rv64imafdc' '-mabi=lp64d' '-march=rv64imafdc'
 /mnt/c/Users/cwier/documents/github/qcom/toolchain/linux_x86_64/bin/../lib/gcc/riscv64-unknown-elf/10.4.0/../../../../riscv64-unknown-elf/bin/as -v --traditional-format -march=rv64imafdc -march=rv64imafdc -mabi=lp64d -o CMakeFiles/cmTC_57fbf.dir/CMakeCCompilerABI.c.o /tmp/cchrXD1d.s
GNU assembler version 2.35 (riscv64-unknown-elf) using BFD version (GNU Binutils) 2.35
COMPILER_PATH=/mnt/c/Users/cwier/documents/github/qcom/toolchain/linux_x86_64/bin/../libexec/gcc/riscv64-unknown-elf/10.4.0/:/mnt/c/Users/cwier/documents/github/qcom/toolchain/linux_x86_64/bin/../libexec/gcc/:/mnt/c/Users/cwier/documents/github/qcom/toolchain/linux_x86_64/bin/../lib/gcc/riscv64-unknown-elf/10.4.0/../../../../riscv64-unknown-elf/bin/
LIBRARY_PATH=/mnt/c/Users/cwier/documents/github/qcom/toolchain/linux_x86_64/bin/../lib/gcc/riscv64-unknown-elf/10.4.0/:/mnt/c/Users/cwier/documents/github/qcom/toolchain/linux_x86_64/bin/../lib/gcc/:/mnt/c/Users/cwier/documents/github/qcom/toolchain/linux_x86_64/bin/../lib/gcc/riscv64-unknown-elf/10.4.0/../../../../riscv64-unknown-elf/lib/:/mnt/c/Users/cwier/documents/github/qcom/toolchain/linux_x86_64/bin/../riscv64-unknown-elf/lib/
COLLECT_GCC_OPTIONS='-v' '-o' 'CMakeFiles/cmTC_57fbf.dir/CMakeCCompilerABI.c.o' '-c' '-march=rv64imafdc' '-mabi=lp64d' '-march=rv64imafdc'
Linking C executable cmTC_57fbf
/mnt/c/Users/cwier/documents/github/qcom/tools/cmake/bin/cmake -E cmake_link_script CMakeFiles/cmTC_57fbf.dir/link.txt --verbose=1
/mnt/c/Users/cwier/documents/github/qcom/toolchain/linux_x86_64/bin/riscv64-unknown-elf-gcc  -v CMakeFiles/cmTC_57fbf.dir/CMakeCCompilerABI.c.o -o cmTC_57fbf 
Using built-in specs.
COLLECT_GCC=/mnt/c/Users/cwier/documents/github/qcom/toolchain/linux_x86_64/bin/riscv64-unknown-elf-gcc
COLLECT_LTO_WRAPPER=/mnt/c/Users/cwier/documents/github/qcom/toolchain/linux_x86_64/bin/../libexec/gcc/riscv64-unknown-elf/10.4.0/lto-wrapper
Target: riscv64-unknown-elf
Configured with: /local/mnt/workspace/balaband/Projects/QC/open_toolchain/xuantie-gnu-toolchain/riscv-gcc/configure --target=riscv64-unknown-elf CXXFLAGS='-g -O2 ' --disable-libgcctf --prefix=/opt/riscv --disable-shared --enable-threads=posix --enable-languages=c,c++ --with-system-zlib --enable-tls --with-newlib --with-sysroot=/opt/riscv/riscv64-unknown-elf --with-native-system-header-dir=/include --disable-libmudflap --disable-libssp --disable-libquadmath --disable-libgomp --disable-nls --disable-tm-clone-registry --src=.././riscv-gcc --enable-multilib --with-abi=lp64d --with-arch=rv64imafdc 'CFLAGS_FOR_TARGET=-Os   -mcmodel=medlow' 'CXXFLAGS_FOR_TARGET=-Os   -mcmodel=medlow'
Thread model: posix
Supported LTO compression algorithms: zlib
gcc version 10.4.0 (GCC) 
COMPILER_PATH=/mnt/c/Users/cwier/documents/github/qcom/toolchain/linux_x86_64/bin/../libexec/gcc/riscv64-unknown-elf/10.4.0/:/mnt/c/Users/cwier/documents/github/qcom/toolchain/linux_x86_64/bin/../libexec/gcc/:/mnt/c/Users/cwier/documents/github/qcom/toolchain/linux_x86_64/bin/../lib/gcc/riscv64-unknown-elf/10.4.0/../../../../riscv64-unknown-elf/bin/
LIBRARY_PATH=/mnt/c/Users/cwier/documents/github/qcom/toolchain/linux_x86_64/bin/../lib/gcc/riscv64-unknown-elf/10.4.0/:/mnt/c/Users/cwier/documents/github/qcom/toolchain/linux_x86_64/bin/../lib/gcc/:/mnt/c/Users/cwier/documents/github/qcom/toolchain/linux_x86_64/bin/../lib/gcc/riscv64-unknown-elf/10.4.0/../../../../riscv64-unknown-elf/lib/:/mnt/c/Users/cwier/documents/github/qcom/toolchain/linux_x86_64/bin/../riscv64-unknown-elf/lib/
COLLECT_GCC_OPTIONS='-v' '-o' 'cmTC_57fbf' '-march=rv64imafdc' '-mabi=lp64d' '-march=rv64imafdc'
 /mnt/c/Users/cwier/documents/github/qcom/toolchain/linux_x86_64/bin/../libexec/gcc/riscv64-unknown-elf/10.4.0/collect2 -plugin /mnt/c/Users/cwier/documents/github/qcom/toolchain/linux_x86_64/bin/../libexec/gcc/riscv64-unknown-elf/10.4.0/liblto_plugin.so -plugin-opt=/mnt/c/Users/cwier/documents/github/qcom/toolchain/linux_x86_64/bin/../libexec/gcc/riscv64-unknown-elf/10.4.0/lto-wrapper -plugin-opt=-fresolution=/tmp/cc1GcJ5d.res -plugin-opt=-pass-through=-lgcc -plugin-opt=-pass-through=-lc -plugin-opt=-pass-through=-lgloss -plugin-opt=-pass-through=-lgcc --sysroot=/mnt/c/Users/cwier/documents/github/qcom/toolchain/linux_x86_64/bin/../riscv64-unknown-elf -melf64lriscv -o cmTC_57fbf /mnt/c/Users/cwier/documents/github/qcom/toolchain/linux_x86_64/bin/../lib/gcc/riscv64-unknown-elf/10.4.0/../../../../riscv64-unknown-elf/lib/crt0.o /mnt/c/Users/cwier/documents/github/qcom/toolchain/linux_x86_64/bin/../lib/gcc/riscv64-unknown-elf/10.4.0/crtbegin.o -L/mnt/c/Users/cwier/documents/github/qcom/toolchain/linux_x86_64/bin/../lib/gcc/riscv64-unknown-elf/10.4.0 -L/mnt/c/Users/cwier/documents/github/qcom/toolchain/linux_x86_64/bin/../lib/gcc -L/mnt/c/Users/cwier/documents/github/qcom/toolchain/linux_x86_64/bin/../lib/gcc/riscv64-unknown-elf/10.4.0/../../../../riscv64-unknown-elf/lib -L/mnt/c/Users/cwier/documents/github/qcom/toolchain/linux_x86_64/bin/../riscv64-unknown-elf/lib CMakeFiles/cmTC_57fbf.dir/CMakeCCompilerABI.c.o -lgcc --start-group -lc -lgloss --end-group -lgcc /mnt/c/Users/cwier/documents/github/qcom/toolchain/linux_x86_64/bin/../lib/gcc/riscv64-unknown-elf/10.4.0/crtend.o
COLLECT_GCC_OPTIONS='-v' '-o' 'cmTC_57fbf' '-march=rv64imafdc' '-mabi=lp64d' '-march=rv64imafdc'
gmake[2]: warning:  Clock skew detected.  Your build may be incomplete.
gmake[2]: Leaving directory '/mnt/c/Users/cwier/documents/github/qcom/examples/usb_cam_stream/build_wsl/CMakeFiles/CMakeScratch/TryCompile-S95qla'
gmake[1]: warning:  Clock skew detected.  Your build may be incomplete.
gmake[1]: Leaving directory '/mnt/c/Users/cwier/documents/github/qcom/examples/usb_cam_stream/build_wsl/CMakeFiles/CMakeScratch/TryCompile-S95qla'



Parsed C implicit include dir info from above output: rv=done
  found start of include info
  found start of implicit include info
    add: [/mnt/c/Users/cwier/documents/github/qcom/toolchain/linux_x86_64/bin/../lib/gcc/riscv64-unknown-elf/10.4.0/include]
    add: [/mnt/c/Users/cwier/documents/github/qcom/toolchain/linux_x86_64/bin/../lib/gcc/riscv64-unknown-elf/10.4.0/include-fixed]
    add: [/mnt/c/Users/cwier/documents/github/qcom/toolchain/linux_x86_64/bin/../lib/gcc/riscv64-unknown-elf/10.4.0/../../../../riscv64-unknown-elf/include]
  end of search list found
  collapse include dir [/mnt/c/Users/cwier/documents/github/qcom/toolchain/linux_x86_64/bin/../lib/gcc/riscv64-unknown-elf/10.4.0/include] ==> [/mnt/c/Users/cwier/documents/github/qcom/toolchain/linux_x86_64/lib/gcc/riscv64-unknown-elf/10.4.0/include]
  collapse include dir [/mnt/c/Users/cwier/documents/github/qcom/toolchain/linux_x86_64/bin/../lib/gcc/riscv64-unknown-elf/10.4.0/include-fixed] ==> [/mnt/c/Users/cwier/documents/github/qcom/toolchain/linux_x86_64/lib/gcc/riscv64-unknown-elf/10.4.0/include-fixed]
  collapse include dir [/mnt/c/Users/cwier/documents/github/qcom/toolchain/linux_x86_64/bin/../lib/gcc/riscv64-unknown-elf/10.4.0/../../../../riscv64-unknown-elf/include] ==> [/mnt/c/Users/cwier/documents/github/qcom/toolchain/linux_x86_64/riscv64-unknown-elf/include]
  implicit include dirs: [/mnt/c/Users/cwier/documents/github/qcom/toolchain/linux_x86_64/lib/gcc/riscv64-unknown-elf/10.4.0/include;/mnt/c/Users/cwier/documents/github/qcom/toolchain/linux_x86_64/lib/gcc/riscv64-unknown-elf/10.4.0/include-fixed;/mnt/c/Users/cwier/documents/github/qcom/toolchain/linux_x86_64/riscv64-unknown-elf/include]


Parsed C implicit link information from above output:
  link line regex: [^( *|.*[/\])(riscv64-unknown-elf-ld|CMAKE_LINK_STARTFILE-NOTFOUND|([^/\]+-)?ld|collect2)[^/\]*( |$)]
  ignore line: [Change Dir: /mnt/c/Users/cwier/documents/github/qcom/examples/usb_cam_stream/build_wsl/CMakeFiles/CMakeScratch/TryCompile-S95qla]
  ignore line: []
  ignore line: [Run Build Command(s):/usr/bin/gmake -f Makefile cmTC_57fbf/fast && gmake[1]: Entering directory '/mnt/c/Users/cwier/documents/github/qcom/examples/usb_cam_stream/build_wsl/CMakeFiles/CMakeScratch/TryCompile-S95qla']
  ignore line: [gmake[1]: Warning: File 'Makefile' has modification time 0.22 s in the future]
  ignore line: [/usr/bin/gmake  -f CMakeFiles/cmTC_57fbf.dir/build.make CMakeFiles/cmTC_57fbf.dir/build]
  ignore line: [gmake[2]: Entering directory '/mnt/c/Users/cwier/documents/github/qcom/examples/usb_cam_stream/build_wsl/CMakeFiles/CMakeScratch/TryCompile-S95qla']
  ignore line: [gmake[2]: Warning: File 'CMakeFiles/cmTC_57fbf.dir/flags.make' has modification time 0.18 s in the future]
  ignore line: [Building C object CMakeFiles/cmTC_57fbf.dir/CMakeCCompilerABI.c.o]
  ignore line: [/mnt/c/Users/cwier/documents/github/qcom/toolchain/linux_x86_64/bin/riscv64-unknown-elf-gcc   -v -o CMakeFiles/cmTC_57fbf.dir/CMakeCCompilerABI.c.o -c /mnt/c/Users/cwier/documents/github/qcom/tools/cmake/share/cmake-3.25/Modules/CMakeCCompilerABI.c]
  ignore line: [Using built-in specs.]
  ignore line: [COLLECT_GCC=/mnt/c/Users/cwier/documents/github/qcom/toolchain/linux_x86_64/bin/riscv64-unknown-elf-gcc]
  ignore line: [Target: riscv64-unknown-elf]
  ignore line: [Configured with: /local/mnt/workspace/balaband/Projects/QC/open_toolchain/xuantie-gnu-toolchain/riscv-gcc/configure --target=riscv64-unknown-elf CXXFLAGS='-g -O2 ' --disable-libgcctf --prefix=/opt/riscv --disable-shared --enable-threads=posix --enable-languages=c c++ --with-system-zlib --enable-tls --with-newlib --with-sysroot=/opt/riscv/riscv64-unknown-elf --with-native-system-header-dir=/include --disable-libmudflap --disable-libssp --disable-libquadmath --disable-libgomp --disable-nls --disable-tm-clone-registry --src=.././riscv-gcc --enable-multilib --with-abi=lp64d --with-arch=rv64imafdc 'CFLAGS_FOR_TARGET=-Os   -mcmodel=medlow' 'CXXFLAGS_FOR_TARGET=-Os   -mcmodel=medlow']
  ignore line: [Thread model: posix]
  ignore line: [Supported LTO compression algorithms: zlib]
  ignore line: [gcc version 10.4.0 (GCC) ]
  ignore line: [COLLECT_GCC_OPTIONS='-v' '-o' 'CMakeFiles/cmTC_57fbf.dir/CMakeCCompilerABI.c.o' '-c' '-march=rv64imafdc' '-mabi=lp64d' '-march=rv64imafdc']
  ignore line: [ /mnt/c/Users/cwier/documents/github/qcom/toolchain/linux_x86_64/bin/../libexec/gcc/riscv64-unknown-elf/10.4.0/cc1 -quiet -v -imultilib . -iprefix /mnt/c/Users/cwier/documents/github/qcom/toolchain/linux_x86_64/bin/../lib/gcc/riscv64-unknown-elf/10.4.0/ -isysroot /mnt/c/Users/cwier/documents/github/qcom/toolchain/linux_x86_64/bin/../riscv64-unknown-elf /mnt/c/Users/cwier/documents/github/qcom/tools/cmake/share/cmake-3.25/Modules/CMakeCCompilerABI.c -quiet -dumpbase CMakeCCompilerABI.c -march=rv64imafdc -mabi=lp64d -march=rv64imafdc -auxbase-strip CMakeFiles/cmTC_57fbf.dir/CMakeCCompilerABI.c.o -version -o /tmp/cchrXD1d.s]
  ignore line: [GNU C17 (GCC) version 10.4.0 (riscv64-unknown-elf)]
  ignore line: [	compiled by GNU C version 9.4.0  GMP version 6.2.0  MPFR version 4.0.2  MPC version 1.1.0  isl version none]
  ignore line: [warning: GMP header version 6.2.0 differs from library version 6.2.1.]
  ignore line: [warning: MPFR header version 4.0.2 differs from library version 4.1.0.]
  ignore line: [warning: MPC header version 1.1.0 differs from library version 1.2.1.]
  ignore line: [GGC heuristics: --param ggc-min-expand=100 --param ggc-min-heapsize=131072]
  ignore line: [ignoring duplicate directory "/mnt/c/Users/cwier/documents/github/qcom/toolchain/linux_x86_64/bin/../lib/gcc/../../lib/gcc/riscv64-unknown-elf/10.4.0/include"]
  ignore line: [ignoring nonexistent directory "/mnt/c/Users/cwier/documents/github/qcom/toolchain/linux_x86_64/bin/../riscv64-unknown-elf/usr/local/include"]
  ignore line: [ignoring duplicate directory "/mnt/c/Users/cwier/documents/github/qcom/toolchain/linux_x86_64/bin/../lib/gcc/../../lib/gcc/riscv64-unknown-elf/10.4.0/include-fixed"]
  ignore line: [ignoring duplicate directory "/mnt/c/Users/cwier/documents/github/qcom/toolchain/linux_x86_64/bin/../lib/gcc/../../lib/gcc/riscv64-unknown-elf/10.4.0/../../../../riscv64-unknown-elf/include"]
  ignore line: [ignoring duplicate directory "/mnt/c/Users/cwier/documents/github/qcom/toolchain/linux_x86_64/bin/../riscv64-unknown-elf/include"]
  ignore line: [#include "..." search starts here:]
  ignore line: [#include <...> search starts here:]
  ignore line: [ /mnt/c/Users/cwier/documents/github/qcom/toolchain/linux_x86_64/bin/../lib/gcc/riscv64-unknown-elf/10.4.0/include]
  ignore line: [ /mnt/c/Users/cwier/documents/github/qcom/toolchain/linux_x86_64/bin/../lib/gcc/riscv64-unknown-elf/10.4.0/include-fixed]
  ignore line: [ /mnt/c/Users/cwier/documents/github/qcom/toolchain/linux_x86_64/bin/../lib/gcc/riscv64-unknown-elf/10.4.0/../../../../riscv64-unknown-elf/include]
  ignore line: [End of search list.]
  ignore line: [GNU C17 (GCC) version 10.4.0 (riscv64-unknown-elf)]
  ignore line: [	compiled by GNU C version 9.4.0  GMP version 6.2.0  MPFR version 4.0.2  MPC version 1.1.0  isl version none]
  ignore line: [warning: GMP header version 6.2.0 differs from library version 6.2.1.]
  ignore line: [warning: MPFR header version 4.0.2 differs from library version 4.1.0.]
  ignore line: [warning: MPC header version 1.1.0 differs from library version 1.2.1.]
  ignore line: [GGC heuristics: --param ggc-min-expand=100 --param ggc-min-heapsize=131072]
  ignore line: [Compiler executable checksum: 5aff4b1a37488955e5e9dd7a734e0d3f]
  ignore line: [COLLECT_GCC_OPTIONS='-v' '-o' 'CMakeFiles/cmTC_57fbf.dir/CMakeCCompilerABI.c.o' '-c' '-march=rv64imafdc' '-mabi=lp64d' '-march=rv64imafdc']
  ignore line: [ /mnt/c/Users/cwier/documents/github/qcom/toolchain/linux_x86_64/bin/../lib/gcc/riscv64-unknown-elf/10.4.0/../../../../riscv64-unknown-elf/bin/as -v --traditional-format -march=rv64imafdc -march=rv64imafdc -mabi=lp64d -o CMakeFiles/cmTC_57fbf.dir/CMakeCCompilerABI.c.o /tmp/cchrXD1d.s]
  ignore line: [GNU assembler version 2.35 (riscv64-unknown-elf) using BFD version (GNU Binutils) 2.35]
  ignore line: [COMPILER_PATH=/mnt/c/Users/cwier/documents/github/qcom/toolchain/linux_x86_64/bin/../libexec/gcc/riscv64-unknown-elf/10.4.0/:/mnt/c/Users/cwier/documents/github/qcom/toolchain/linux_x86_64/bin/../libexec/gcc/:/mnt/c/Users/cwier/documents/github/qcom/toolchain/linux_x86_64/bin/../lib/gcc/riscv64-unknown-elf/10.4.0/../../../../riscv64-unknown-elf/bin/]
  ignore line: [LIBRARY_PATH=/mnt/c/Users/cwier/documents/github/qcom/toolchain/linux_x86_64/bin/../lib/gcc/riscv64-unknown-elf/10.4.0/:/mnt/c/Users/cwier/documents/github/qcom/toolchain/linux_x86_64/bin/../lib/gcc/:/mnt/c/Users/cwier/documents/github/qcom/toolchain/linux_x86_64/bin/../lib/gcc/riscv64-unknown-elf/10.4.0/../../../../riscv64-unknown-elf/lib/:/mnt/c/Users/cwier/documents/github/qcom/toolchain/linux_x86_64/bin/../riscv64-unknown-elf/lib/]
  ignore line: [COLLECT_GCC_OPTIONS='-v' '-o' 'CMakeFiles/cmTC_57fbf.dir/CMakeCCompilerABI.c.o' '-c' '-march=rv64imafdc' '-mabi=lp64d' '-march=rv64imafdc']
  ignore line: [Linking C executable cmTC_57fbf]
  ignore line: [/mnt/c/Users/cwier/documents/github/qcom/tools/cmake/bin/cmake -E cmake_link_script CMakeFiles/cmTC_57fbf.dir/link.txt --verbose=1]
  ignore line: [/mnt/c/Users/cwier/documents/github/qcom/toolchain/linux_x86_64/bin/riscv64-unknown-elf-gcc  -v CMakeFiles/cmTC_57fbf.dir/CMakeCCompilerABI.c.o -o cmTC_57fbf ]
  ignore line: [Using built-in specs.]
  ignore line: [COLLECT_GCC=/mnt/c/Users/cwier/documents/github/qcom/toolchain/linux_x86_64/bin/riscv64-unknown-elf-gcc]
  ignore line: [COLLECT_LTO_WRAPPER=/mnt/c/Users/cwier/documents/github/qcom/toolchain/linux_x86_64/bin/../libexec/gcc/riscv64-unknown-elf/10.4.0/lto-wrapper]
  ignore line: [Target: riscv64-unknown-elf]
  ignore line: [Configured with: /local/mnt/workspace/balaband/Projects/QC/open_toolchain/xuantie-gnu-toolchain/riscv-gcc/configure --target=riscv64-unknown-elf CXXFLAGS='-g -O2 ' --disable-libgcctf --prefix=/opt/riscv --disable-shared --enable-threads=posix --enable-languages=c c++ --with-system-zlib --enable-tls --with-newlib --with-sysroot=/opt/riscv/riscv64-unknown-elf --with-native-system-header-dir=/include --disable-libmudflap --disable-libssp --disable-libquadmath --disable-libgomp --disable-nls --disable-tm-clone-registry --src=.././riscv-gcc --enable-multilib --with-abi=lp64d --with-arch=rv64imafdc 'CFLAGS_FOR_TARGET=-Os   -mcmodel=medlow' 'CXXFLAGS_FOR_TARGET=-Os   -mcmodel=medlow']
  ignore line: [Thread model: posix]
  ignore line: [Supported LTO compression algorithms: zlib]
  ignore line: [gcc version 10.4.0 (GCC) ]
  ignore line: [COMPILER_PATH=/mnt/c/Users/cwier/documents/github/qcom/toolchain/linux_x86_64/bin/../libexec/gcc/riscv64-unknown-elf/10.4.0/:/mnt/c/Users/cwier/documents/github/qcom/toolchain/linux_x86_64/bin/../libexec/gcc/:/mnt/c/Users/cwier/documents/github/qcom/toolchain/linux_x86_64/bin/../lib/gcc/riscv64-unknown-elf/10.4.0/../../../../riscv64-unknown-elf/bin/]
  ignore line: [LIBRARY_PATH=/mnt/c/Users/cwier/documents/github/qcom/toolchain/linux_x86_64/bin/../lib/gcc/riscv64-unknown-elf/10.4.0/:/mnt/c/Users/cwier/documents/github/qcom/toolchain/linux_x86_64/bin/../lib/gcc/:/mnt/c/Users/cwier/documents/github/qcom/toolchain/linux_x86_64/bin/../lib/gcc/riscv64-unknown-elf/10.4.0/../../../../riscv64-unknown-elf/lib/:/mnt/c/Users/cwier/documents/github/qcom/toolchain/linux_x86_64/bin/../riscv64-unknown-elf/lib/]
  ignore line: [COLLECT_GCC_OPTIONS='-v' '-o' 'cmTC_57fbf' '-march=rv64imafdc' '-mabi=lp64d' '-march=rv64imafdc']
  link line: [ /mnt/c/Users/cwier/documents/github/qcom/toolchain/linux_x86_64/bin/../libexec/gcc/riscv64-unknown-elf/10.4.0/collect2 -plugin /mnt/c/Users/cwier/documents/github/qcom/toolchain/linux_x86_64/bin/../libexec/gcc/riscv64-unknown-elf/10.4.0/liblto_plugin.so -plugin-opt=/mnt/c/Users/cwier/documents/github/qcom/toolchain/linux_x86_64/bin/../libexec/gcc/riscv64-unknown-elf/10.4.0/lto-wrapper -plugin-opt=-fresolution=/tmp/cc1GcJ5d.res -plugin-opt=-pass-through=-lgcc -plugin-opt=-pass-through=-lc -plugin-opt=-pass-through=-lgloss -plugin-opt=-pass-through=-lgcc --sysroot=/mnt/c/Users/cwier/documents/github/qcom/toolchain/linux_x86_64/bin/../riscv64-unknown-elf -melf64lriscv -o cmTC_57fbf /mnt/c/Users/cwier/documents/github/qcom/toolchain/linux_x86_64/bin/../lib/gcc/riscv64-unknown-elf/10.4.0/../../../../riscv64-unknown-elf/lib/crt0.o /mnt/c/Users/cwier/documents/github/qcom/toolchain/linux_x86_64/bin/../lib/gcc/riscv64-unknown-elf/10.4.0/crtbegin.o -L/mnt/c/Users/cwier/documents/github/qcom/toolchain/linux_x86_64/bin/../lib/gcc/riscv64-unknown-elf/10.4.0 -L/mnt/c/Users/cwier/documents/github/qcom/toolchain/linux_x86_64/bin/../lib/gcc -L/mnt/c/Users/cwier/documents/github/qcom/toolchain/linux_x86_64/bin/../lib/gcc/riscv64-unknown-elf/10.4.0/../../../../riscv64-unknown-elf/lib -L/mnt/c/Users/cwier/documents/github/qcom/toolchain/linux_x86_64/bin/../riscv64-unknown-elf/lib CMakeFiles/cmTC_57fbf.dir/CMakeCCompilerABI.c.o -lgcc --start-group -lc -lgloss --end-group -lgcc /mnt/c/Users/cwier/documents/github/qcom/toolchain/linux_x86_64/bin/../lib/gcc/riscv64-unknown-elf/10.4.0/crtend.o]
    arg [/mnt/c/Users/cwier/documents/github/qcom/toolchain/linux_x86_64/bin/../libexec/gcc/riscv64-unknown-elf/10.4.0/collect2] ==> ignore
    arg [-plugin] ==> ignore
    arg [/mnt/c/Users/cwier/documents/github/qcom/toolchain/linux_x86_64/bin/../libexec/gcc/riscv64-unknown-elf/10.4.0/liblto_plugin.so] ==> ignore
    arg [-plugin-opt=/mnt/c/Users/cwier/documents/github/qcom/toolchain/linux_x86_64/bin/../libexec/gcc/riscv64-unknown-elf/10.4.0/lto-wrapper] ==> ignore
    arg [-plugin-opt=-fresolution=/tmp/cc1GcJ5d.res] ==> ignore
    arg [-plugin-opt=-pass-through=-lgcc] ==> ignore
    arg [-plugin-opt=-pass-through=-lc] ==> ignore
    arg [-plugin-opt=-pass-through=-lgloss] ==> ignore
    arg [-plugin-opt=-pass-through=-lgcc] ==> ignore
    arg [--sysroot=/mnt/c/Users/cwier/documents/github/qcom/toolchain/linux_x86_64/bin/../riscv64-unknown-elf] ==> ignore
    arg [-melf64lriscv] ==> ignore
    arg [-o] ==> ignore
    arg [cmTC_57fbf] ==> ignore
    arg [/mnt/c/Users/cwier/documents/github/qcom/toolchain/linux_x86_64/bin/../lib/gcc/riscv64-unknown-elf/10.4.0/../../../../riscv64-unknown-elf/lib/crt0.o] ==> obj [/mnt/c/Users/cwier/documents/github/qcom/toolchain/linux_x86_64/bin/../lib/gcc/riscv64-unknown-elf/10.4.0/../../../../riscv64-unknown-elf/lib/crt0.o]
    arg [/mnt/c/Users/cwier/documents/github/qcom/toolchain/linux_x86_64/bin/../lib/gcc/riscv64-unknown-elf/10.4.0/crtbegin.o] ==> obj [/mnt/c/Users/cwier/documents/github/qcom/toolchain/linux_x86_64/bin/../lib/gcc/riscv64-unknown-elf/10.4.0/crtbegin.o]
    arg [-L/mnt/c/Users/cwier/documents/github/qcom/toolchain/linux_x86_64/bin/../lib/gcc/riscv64-unknown-elf/10.4.0] ==> dir [/mnt/c/Users/cwier/documents/github/qcom/toolchain/linux_x86_64/bin/../lib/gcc/riscv64-unknown-elf/10.4.0]
    arg [-L/mnt/c/Users/cwier/documents/github/qcom/toolchain/linux_x86_64/bin/../lib/gcc] ==> dir [/mnt/c/Users/cwier/documents/github/qcom/toolchain/linux_x86_64/bin/../lib/gcc]
    arg [-L/mnt/c/Users/cwier/documents/github/qcom/toolchain/linux_x86_64/bin/../lib/gcc/riscv64-unknown-elf/10.4.0/../../../../riscv64-unknown-elf/lib] ==> dir [/mnt/c/Users/cwier/documents/github/qcom/toolchain/linux_x86_64/bin/../lib/gcc/riscv64-unknown-elf/10.4.0/../../../../riscv64-unknown-elf/lib]
    arg [-L/mnt/c/Users/cwier/documents/github/qcom/toolchain/linux_x86_64/bin/../riscv64-unknown-elf/lib] ==> dir [/mnt/c/Users/cwier/documents/github/qcom/toolchain/linux_x86_64/bin/../riscv64-unknown-elf/lib]
    arg [CMakeFiles/cmTC_57fbf.dir/CMakeCCompilerABI.c.o] ==> ignore
    arg [-lgcc] ==> lib [gcc]
    arg [--start-group] ==> ignore
    arg [-lc] ==> lib [c]
    arg [-lgloss] ==> lib [gloss]
    arg [--end-group] ==> ignore
    arg [-lgcc] ==> lib [gcc]
    arg [/mnt/c/Users/cwier/documents/github/qcom/toolchain/linux_x86_64/bin/../lib/gcc/riscv64-unknown-elf/10.4.0/crtend.o] ==> obj [/mnt/c/Users/cwier/documents/github/qcom/toolchain/linux_x86_64/bin/../lib/gcc/riscv64-unknown-elf/10.4.0/crtend.o]
  collapse obj [/mnt/c/Users/cwier/documents/github/qcom/toolchain/linux_x86_64/bin/../lib/gcc/riscv64-unknown-elf/10.4.0/../../../../riscv64-unknown-elf/lib/crt0.o] ==> [/mnt/c/Users/cwier/documents/github/qcom/toolchain/linux_x86_64/riscv64-unknown-elf/lib/crt0.o]
  collapse obj [/mnt/c/Users/cwier/documents/github/qcom/toolchain/linux_x86_64/bin/../lib/gcc/riscv64-unknown-elf/10.4.0/crtbegin.o] ==> [/mnt/c/Users/cwier/documents/github/qcom/toolchain/linux_x86_64/lib/gcc/riscv64-unknown-elf/10.4.0/crtbegin.o]
  collapse obj [/mnt/c/Users/cwier/documents/github/qcom/toolchain/linux_x86_64/bin/../lib/gcc/riscv64-unknown-elf/10.4.0/crtend.o] ==> [/mnt/c/Users/cwier/documents/github/qcom/toolchain/linux_x86_64/lib/gcc/riscv64-unknown-elf/10.4.0/crtend.o]
  collapse library dir [/mnt/c/Users/cwier/documents/github/qcom/toolchain/linux_x86_64/bin/../lib/gcc/riscv64-unknown-elf/10.4.0] ==> [/mnt/c/Users/cwier/documents/github/qcom/toolchain/linux_x86_64/lib/gcc/riscv64-unknown-elf/10.4.0]
  collapse library dir [/mnt/c/Users/cwier/documents/github/qcom/toolchain/linux_x86_64/bin/../lib/gcc] ==> [/mnt/c/Users/cwier/documents/github/qcom/toolchain/linux_x86_64/lib/gcc]
  collapse library dir [/mnt/c/Users/cwier/documents/github/qcom/toolchain/linux_x86_64/bin/../lib/gcc/riscv64-unknown-elf/10.4.0/../../../../riscv64-unknown-elf/lib] ==> [/mnt/c/Users/cwier/documents/github/qcom/toolchain/linux_x86_64/riscv64-unknown-elf/lib]
  collapse library dir [/mnt/c/Users/cwier/documents/github/qcom/toolchain/linux_x86_64/bin/../riscv64-unknown-elf/lib] ==> [/mnt/c/Users/cwier/documents/github/qcom/toolchain/linux_x86_64/riscv64-unknown-elf/lib]
  implicit libs: [gcc;c;gloss;gcc]
  implicit objs: [/mnt/c/Users/cwier/documents/github/qcom/toolchain/linux_x86_64/riscv64-unknown-elf/lib/crt0.o;/mnt/c/Users/cwier/documents/github/qcom/toolchain/linux_x86_64/lib/gcc/riscv64-unknown-elf/10.4.0/crtbegin.o;/mnt/c/Users/cwier/documents/github/qcom/toolchain/linux_x86_64/lib/gcc/riscv64-unknown-elf/10.4.0/crtend.o]
  implicit dirs: [/mnt/c/Users/cwier/documents/github/qcom/toolchain/linux_x86_64/lib/gcc/riscv64-unknown-elf/10.4.0;/mnt/c/Users/cwier/documents/github/qcom/toolchain/linux_x86_64/lib/gcc;/mnt/c/Users/cwier/documents/github/qcom/toolchain/linux_x86_64/riscv64-unknown-elf/lib]
  implicit fwks: []


Detecting CXX compiler ABI info compiled with the following output:
Change Dir: /mnt/c/Users/cwier/documents/github/qcom/examples/usb_cam_stream/build_wsl/CMakeFiles/CMakeScratch/TryCompile-6L62ka

Run Build Command(s):/usr/bin/gmake -f Makefile cmTC_c5c2e/fast && gmake[1]: Entering directory '/mnt/c/Users/cwier/documents/github/qcom/examples/usb_cam_stream/build_wsl/CMakeFiles/CMakeScratch/TryCompile-6L62ka'
/usr/bin/gmake  -f CMakeFiles/cmTC_c5c2e.dir/build.make CMakeFiles/cmTC_c5c2e.dir/build
gmake[2]: Entering directory '/mnt/c/Users/cwier/documents/github/qcom/examples/usb_cam_stream/build_wsl/CMakeFiles/CMakeScratch/TryCompile-6L62ka'
Building CXX object CMakeFiles/cmTC_c5c2e.dir/CMakeCXXCompilerABI.cpp.o
/mnt/c/Users/cwier/documents/github/qcom/toolchain/linux_x86_64/bin/riscv64-unknown-elf-g++   -v -o CMakeFiles/cmTC_c5c2e.dir/CMakeCXXCompilerABI.cpp.o -c /mnt/c/Users/cwier/documents/github/qcom/tools/cmake/share/cmake-3.25/Modules/CMakeCXXCompilerABI.cpp
Using built-in specs.
COLLECT_GCC=/mnt/c/Users/cwier/documents/github/qcom/toolchain/linux_x86_64/bin/riscv64-unknown-elf-g++
Target: riscv64-unknown-elf
Configured with: /local/mnt/workspace/balaband/Projects/QC/open_toolchain/xuantie-gnu-toolchain/riscv-gcc/configure --target=riscv64-unknown-elf CXXFLAGS='-g -O2 ' --disable-libgcctf --prefix=/opt/riscv --disable-shared --enable-threads=posix --enable-languages=c,c++ --with-system-zlib --enable-tls --with-newlib --with-sysroot=/opt/riscv/riscv64-unknown-elf --with-native-system-header-dir=/include --disable-libmudflap --disable-libssp --disable-libquadmath --disable-libgomp --disable-nls --disable-tm-clone-registry --src=.././riscv-gcc --enable-multilib --with-abi=lp64d --with-arch=rv64imafdc 'CFLAGS_FOR_TARGET=-Os   -mcmodel=medlow' 'CXXFLAGS_FOR_TARGET=-Os   -mcmodel=medlow'
Thread model: posix
Supported LTO compression algorithms: zlib
gcc version 10.4.0 (GCC) 
COLLECT_GCC_OPTIONS='-v' '-o' 'CMakeFiles/cmTC_c5c2e.dir/CMakeCXXCompilerABI.cpp.o' '-c' '-march=rv64imafdc' '-mabi=lp64d' '-march=rv64imafdc'
 /mnt/c/Users/cwier/documents/github/qcom/toolchain/linux_x86_64/bin/../libexec/gcc/riscv64-unknown-elf/10.4.0/cc1plus -quiet -v -imultilib . -iprefix /mnt/c/Users/cwier/documents/github/qcom/toolchain/linux_x86_64/bin/../lib/gcc/riscv64-unknown-elf/10.4.0/ -isysroot /mnt/c/Users/cwier/documents/github/qcom/toolchain/linux_x86_64/bin/../riscv64-unknown-elf /mnt/c/Users/cwier/documents/github/qcom/tools/cmake/share/cmake-3.25/Modules/CMakeCXXCompilerABI.cpp -quiet -dumpbase CMakeCXXCompilerABI.cpp -march=rv64imafdc -mabi=lp64d -march=rv64imafdc -auxbase-strip CMakeFiles/cmTC_c5c2e.dir/CMakeCXXCompilerABI.cpp.o -version -o /tmp/cc4DvJm9.s
GNU C++14 (GCC) version 10.4.0 (riscv64-unknown-elf)
	compiled by GNU C version 9.4.0, GMP version 6.2.0, MPFR version 4.0.2, MPC version 1.1.0, isl version none
warning: GMP header version 6.2.0 differs from library version 6.2.1.
warning: MPFR header version 4.0.2 differs from library version 4.1.0.
warning: MPC header version 1.1.0 differs from library version 1.2.1.
GGC heuristics: --param ggc-min-expand=100 --param ggc-min-heapsize=131072
ignoring duplicate directory "/mnt/c/Users/cwier/documents/github/qcom/toolchain/linux_x86_64/bin/../lib/gcc/../../lib/gcc/riscv64-unknown-elf/10.4.0/../../../../riscv64-unknown-elf/include/c++/10.4.0"
ignoring duplicate directory "/mnt/c/Users/cwier/documents/github/qcom/toolchain/linux_x86_64/bin/../lib/gcc/../../lib/gcc/riscv64-unknown-elf/10.4.0/../../../../riscv64-unknown-elf/include/c++/10.4.0/riscv64-unknown-elf/."
ignoring duplicate directory "/mnt/c/Users/cwier/documents/github/qcom/toolchain/linux_x86_64/bin/../lib/gcc/../../lib/gcc/riscv64-unknown-elf/10.4.0/../../../../riscv64-unknown-elf/include/c++/10.4.0/backward"
ignoring duplicate directory "/mnt/c/Users/cwier/documents/github/qcom/toolchain/linux_x86_64/bin/../lib/gcc/../../lib/gcc/riscv64-unknown-elf/10.4.0/include"
ignoring nonexistent directory "/mnt/c/Users/cwier/documents/github/qcom/toolchain/linux_x86_64/bin/../riscv64-unknown-elf/usr/local/include"
ignoring duplicate directory "/mnt/c/Users/cwier/documents/github/qcom/toolchain/linux_x86_64/bin/../lib/gcc/../../lib/gcc/riscv64-unknown-elf/10.4.0/include-fixed"
ignoring duplicate directory "/mnt/c/Users/cwier/documents/github/qcom/toolchain/linux_x86_64/bin/../lib/gcc/../../lib/gcc/riscv64-unknown-elf/10.4.0/../../../../riscv64-unknown-elf/include"
ignoring duplicate directory "/mnt/c/Users/cwier/documents/github/qcom/toolchain/linux_x86_64/bin/../riscv64-unknown-elf/include"
#include "..." search starts here:
#include <...> search starts here:
 /mnt/c/Users/cwier/documents/github/qcom/toolchain/linux_x86_64/bin/../lib/gcc/riscv64-unknown-elf/10.4.0/../../../../riscv64-unknown-elf/include/c++/10.4.0
 /mnt/c/Users/cwier/documents/github/qcom/toolchain/linux_x86_64/bin/../lib/gcc/riscv64-unknown-elf/10.4.0/../../../../riscv64-unknown-elf/include/c++/10.4.0/riscv64-unknown-elf/.
 /mnt/c/Users/cwier/documents/github/qcom/toolchain/linux_x86_64/bin/../lib/gcc/riscv64-unknown-elf/10.4.0/../../../../riscv64-unknown-elf/include/c++/10.4.0/backward
 /mnt/c/Users/cwier/documents/github/qcom/toolchain/linux_x86_64/bin/../lib/gcc/riscv64-unknown-elf/10.4.0/include
 /mnt/c/Users/cwier/documents/github/qcom/toolchain/linux_x86_64/bin/../lib/gcc/riscv64-unknown-elf/10.4.0/include-fixed
 /mnt/c/Users/cwier/documents/github/qcom/toolchain/linux_x86_64/bin/../lib/gcc/riscv64-unknown-elf/10.4.0/../../../../riscv64-unknown-elf/include
End of search list.
GNU C++14 (GCC) version 10.4.0 (riscv64-unknown-elf)
	compiled by GNU C version 9.4.0, GMP version 6.2.0, MPFR version 4.0.2, MPC version 1.1.0, isl version none
warning: GMP header version 6.2.0 differs from library version 6.2.1.
warning: MPFR header version 4.0.2 differs from library version 4.1.0.
warning: MPC header version 1.1.0 differs from library version 1.2.1.
GGC heuristics: --param ggc-min-expand=100 --param ggc-min-heapsize=131072
Compiler executable checksum: 5b9c9cac36f6b283e3b396e6d7c88c06
COLLECT_GCC_OPTIONS='-v' '-o' 'CMakeFiles/cmTC_c5c2e.dir/CMakeCXXCompilerABI.cpp.o' '-c' '-march=rv64imafdc' '-mabi=lp64d' '-march=rv64imafdc'
 /mnt/c/Users/cwier/documents/github/qcom/toolchain/linux_x86_64/bin/../lib/gcc/riscv64-unknown-elf/10.4.0/../../../../riscv64-unknown-elf/bin/as -v --traditional-format -march=rv64imafdc -march=rv64imafdc -mabi=lp64d -o CMakeFiles/cmTC_c5c2e.dir/CMakeCXXCompilerABI.cpp.o /tmp/cc4DvJm9.s
GNU assembler version 2.35 (riscv64-unknown-elf) using BFD version (GNU Binutils) 2.35
COMPILER_PATH=/mnt/c/Users/cwier/documents/github/qcom/toolchain/linux_x86_64/bin/../libexec/gcc/riscv64-unknown-elf/10.4.0/:/mnt/c/Users/cwier/documents/github/qcom/toolchain/linux_x86_64/bin/../libexec/gcc/:/mnt/c/Users/cwier/documents/github/qcom/toolchain/linux_x86_64/bin/../lib/gcc/riscv64-unknown-elf/10.4.0/../../../../riscv64-unknown-elf/bin/
LIBRARY_PATH=/mnt/c/Users/cwier/documents/github/qcom/toolchain/linux_x86_64/bin/../lib/gcc/riscv64-unknown-elf/10.4.0/:/mnt/c/Users/cwier/documents/github/qcom/toolchain/linux_x86_64/bin/../lib/gcc/:/mnt/c/Users/cwier/documents/github/qcom/toolchain/linux_x86_64/bin/../lib/gcc/riscv64-unknown-elf/10.4.0/../../../../riscv64-unknown-elf/lib/:/mnt/c/Users/cwier/documents/github/qcom/toolchain/linux_x86_64/bin/../riscv64-unknown-elf/lib/
COLLECT_GCC_OPTIONS='-v' '-o' 'CMakeFiles/cmTC_c5c2e.dir/CMakeCXXCompilerABI.cpp.o' '-c' '-march=rv64imafdc' '-mabi=lp64d' '-march=rv64imafdc'
Linking CXX executable cmTC_c5c2e
/mnt/c/Users/cwier/documents/github/qcom/tools/cmake/bin/cmake -E cmake_link_script CMakeFiles/cmTC_c5c2e.dir/link.txt --verbose=1
/mnt/c/Users/cwier/documents/github/qcom/toolchain/linux_x86_64/bin/riscv64-unknown-elf-g++  -v CMakeFiles/cmTC_c5c2e.dir/CMakeCXXCompilerABI.cpp.o -o cmTC_c5c2e 
Using built-in specs.
COLLECT_GCC=/mnt/c/Users/cwier/documents/github/qcom/toolchain/linux_x86_64/bin/riscv64-unknown-elf-g++
COLLECT_LTO_WRAPPER=/mnt/c/Users/cwier/documents/github/qcom/toolchain/linux_x86_64/bin/../libexec/gcc/riscv64-unknown-elf/10.4.0/lto-wrapper
Target: riscv64-unknown-elf
Configured with: /local/mnt/workspace/balaband/Projects/QC/open_toolchain/xuantie-gnu-toolchain/riscv-gcc/configure --target=riscv64-unknown-elf CXXFLAGS='-g -O2 ' --disable-libgcctf --prefix=/opt/riscv --disable-shared --enable-threads=posix --enable-languages=c,c++ --with-system-zlib --enable-tls --with-newlib --with-sysroot=/opt/riscv/riscv64-unknown-elf --with-native-system-header-dir=/include --disable-libmudflap --disable-libssp --disable-libquadmath --disable-libgomp --disable-nls --disable-tm-clone-registry --src=.././riscv-gcc --enable-multilib --with-abi=lp64d --with-arch=rv64imafdc 'CFLAGS_FOR_TARGET=-Os   -mcmodel=medlow' 'CXXFLAGS_FOR_TARGET=-Os   -mcmodel=medlow'
Thread model: posix
Supported LTO compression algorithms: zlib
gcc version 10.4.0 (GCC) 
COMPILER_PATH=/mnt/c/Users/cwier/documents/github/qcom/toolchain/linux_x86_64/bin/../libexec/gcc/riscv64-unknown-elf/10.4.0/:/mnt/c/Users/cwier/documents/github/qcom/toolchain/linux_x86_64/bin/../libexec/gcc/:/mnt/c/Users/cwier/documents/github/qcom/toolchain/linux_x86_64/bin/../lib/gcc/riscv64-unknown-elf/10.4.0/../../../../riscv64-unknown-elf/bin/
LIBRARY_PATH=/mnt/c/Users/cwier/documents/github/qcom/toolchain/linux_x86_64/bin/../lib/gcc/riscv64-unknown-elf/10.4.0/:/mnt/c/Users/cwier/documents/github/qcom/toolchain/linux_x86_64/bin/../lib/gcc/:/mnt/c/Users/cwier/documents/github/qcom/toolchain/linux_x86_64/bin/../lib/gcc/riscv64-unknown-elf/10.4.0/../../../../riscv64-unknown-elf/lib/:/mnt/c/Users/cwier/documents/github/qcom/toolchain/linux_x86_64/bin/../riscv64-unknown-elf/lib/
COLLECT_GCC_OPTIONS='-v' '-o' 'cmTC_c5c2e' '-march=rv64imafdc' '-mabi=lp64d' '-march=rv64imafdc'
 /mnt/c/Users/cwier/documents/github/qcom/toolchain/linux_x86_64/bin/../libexec/gcc/riscv64-unknown-elf/10.4.0/collect2 -plugin /mnt/c/Users/cwier/documents/github/qcom/toolchain/linux_x86_64/bin/../libexec/gcc/riscv64-unknown-elf/10.4.0/liblto_plugin.so -plugin-opt=/mnt/c/Users/cwier/documents/github/qcom/toolchain/linux_x86_64/bin/../libexec/gcc/riscv64-unknown-elf/10.4.0/lto-wrapper -plugin-opt=-fresolution=/tmp/ccmAstGY.res -plugin-opt=-pass-through=-lgcc -plugin-opt=-pass-through=-lc -plugin-opt=-pass-through=-lgloss -plugin-opt=-pass-through=-lgcc --sysroot=/mnt/c/Users/cwier/documents/github/qcom/toolchain/linux_x86_64/bin/../riscv64-unknown-elf -melf64lriscv -o cmTC_c5c2e /mnt/c/Users/cwier/documents/github/qcom/toolchain/linux_x86_64/bin/../lib/gcc/riscv64-unknown-elf/10.4.0/../../../../riscv64-unknown-elf/lib/crt0.o /mnt/c/Users/cwier/documents/github/qcom/toolchain/linux_x86_64/bin/../lib/gcc/riscv64-unknown-elf/10.4.0/crtbegin.o -L/mnt/c/Users/cwier/documents/github/qcom/toolchain/linux_x86_64/bin/../lib/gcc/riscv64-unknown-elf/10.4.0 -L/mnt/c/Users/cwier/documents/github/qcom/toolchain/linux_x86_64/bin/../lib/gcc -L/mnt/c/Users/cwier/documents/github/qcom/toolchain/linux_x86_64/bin/../lib/gcc/riscv64-unknown-elf/10.4.0/../../../../riscv64-unknown-elf/lib -L/mnt/c/Users/cwier/documents/github/qcom/toolchain/linux_x86_64/bin/../riscv64-unknown-elf/lib CMakeFiles/cmTC_c5c2e.dir/CMakeCXXCompilerABI.cpp.o -lstdc++ -lm -lgcc --start-group -lc -lgloss --end-group -lgcc /mnt/c/Users/cwier/documents/github/qcom/toolchain/linux_x86_64/bin/../lib/gcc/riscv64-unknown-elf/10.4.0/crtend.o
COLLECT_GCC_OPTIONS='-v' '-o' 'cmTC_c5c2e' '-march=rv64imafdc' '-mabi=lp64d' '-march=rv64imafdc'
gmake[2]: Leaving directory '/mnt/c/Users/cwier/documents/github/qcom/examples/usb_cam_stream/build_wsl/CMakeFiles/CMakeScratch/TryCompile-6L62ka'
gmake[1]: Leaving directory '/mnt/c/Users/cwier/documents/github/qcom/examples/usb_cam_stream/build_wsl/CMakeFiles/CMakeScratch/TryCompile-6L62ka'



Parsed CXX implicit include dir info from above output: rv=done
  found start of include info
  found start of implicit include info
    add: [/mnt/c/Users/cwier/documents/github/qcom/toolchain/linux_x86_64/bin/../lib/gcc/riscv64-unknown-elf/10.4.0/../../../../riscv64-unknown-elf/include/c++/10.4.0]
    add: [/mnt/c/Users/cwier/documents/github/qcom/toolchain/linux_x86_64/bin/../lib/gcc/riscv64-unknown-elf/10.4.0/../../../../riscv64-unknown-elf/include/c++/10.4.0/riscv64-unknown-elf/.]
    add: [/mnt/c/Users/cwier/documents/github/qcom/toolchain/linux_x86_64/bin/../lib/gcc/riscv64-unknown-elf/10.4.0/../../../../riscv64-unknown-elf/include/c++/10.4.0/backward]
    add: [/mnt/c/Users/cwier/documents/github/qcom/toolchain/linux_x86_64/bin/../lib/gcc/riscv64-unknown-elf/10.4.0/include]
    add: [/mnt/c/Users/cwier/documents/github/qcom/toolchain/linux_x86_64/bin/../lib/gcc/riscv64-unknown-elf/10.4.0/include-fixed]
    add: [/mnt/c/Users/cwier/documents/github/qcom/toolchain/linux_x86_64/bin/../lib/gcc/riscv64-unknown-elf/10.4.0/../../../../riscv64-unknown-elf/include]
  end of search list found
  collapse include dir [/mnt/c/Users/cwier/documents/github/qcom/toolchain/linux_x86_64/bin/../lib/gcc/riscv64-unknown-elf/10.4.0/../../../../riscv64-unknown-elf/include/c++/10.4.0] ==> [/mnt/c/Users/cwier/documents/github/qcom/toolchain/linux_x86_64/riscv64-unknown-elf/include/c++/10.4.0]
  collapse include dir [/mnt/c/Users/cwier/documents/github/qcom/toolchain/linux_x86_64/bin/../lib/gcc/riscv64-unknown-elf/10.4.0/../../../../riscv64-unknown-elf/include/c++/10.4.0/riscv64-unknown-elf/.] ==> [/mnt/c/Users/cwier/documents/github/qcom/toolchain/linux_x86_64/riscv64-unknown-elf/include/c++/10.4.0/riscv64-unknown-elf]
  collapse include dir [/mnt/c/Users/cwier/documents/github/qcom/toolchain/linux_x86_64/bin/../lib/gcc/riscv64-unknown-elf/10.4.0/../../../../riscv64-unknown-elf/include/c++/10.4.0/backward] ==> [/mnt/c/Users/cwier/documents/github/qcom/toolchain/linux_x86_64/riscv64-unknown-elf/include/c++/10.4.0/backward]
  collapse include dir [/mnt/c/Users/cwier/documents/github/qcom/toolchain/linux_x86_64/bin/../lib/gcc/riscv64-unknown-elf/10.4.0/include] ==> [/mnt/c/Users/cwier/documents/github/qcom/toolchain/linux_x86_64/lib/gcc/riscv64-unknown-elf/10.4.0/include]
  collapse include dir [/mnt/c/Users/cwier/documents/github/qcom/toolchain/linux_x86_64/bin/../lib/gcc/riscv64-unknown-elf/10.4.0/include-fixed] ==> [/mnt/c/Users/cwier/documents/github/qcom/toolchain/linux_x86_64/lib/gcc/riscv64-unknown-elf/10.4.0/include-fixed]
  collapse include dir [/mnt/c/Users/cwier/documents/github/qcom/toolchain/linux_x86_64/bin/../lib/gcc/riscv64-unknown-elf/10.4.0/../../../../riscv64-unknown-elf/include] ==> [/mnt/c/Users/cwier/documents/github/qcom/toolchain/linux_x86_64/riscv64-unknown-elf/include]
  implicit include dirs: [/mnt/c/Users/cwier/documents/github/qcom/toolchain/linux_x86_64/riscv64-unknown-elf/include/c++/10.4.0;/mnt/c/Users/cwier/documents/github/qcom/toolchain/linux_x86_64/riscv64-unknown-elf/include/c++/10.4.0/riscv64-unknown-elf;/mnt/c/Users/cwier/documents/github/qcom/toolchain/linux_x86_64/riscv64-unknown-elf/include/c++/10.4.0/backward;/mnt/c/Users/cwier/documents/github/qcom/toolchain/linux_x86_64/lib/gcc/riscv64-unknown-elf/10.4.0/include;/mnt/c/Users/cwier/documents/github/qcom/toolchain/linux_x86_64/lib/gcc/riscv64-unknown-elf/10.4.0/include-fixed;/mnt/c/Users/cwier/documents/github/qcom/toolchain/linux_x86_64/riscv64-unknown-elf/include]


Parsed CXX implicit link information from above output:
  link line regex: [^( *|.*[/\])(riscv64-unknown-elf-ld|CMAKE_LINK_STARTFILE-NOTFOUND|([^/\]+-)?ld|collect2)[^/\]*( |$)]
  ignore line: [Change Dir: /mnt/c/Users/cwier/documents/github/qcom/examples/usb_cam_stream/build_wsl/CMakeFiles/CMakeScratch/TryCompile-6L62ka]
  ignore line: []
  ignore line: [Run Build Command(s):/usr/bin/gmake -f Makefile cmTC_c5c2e/fast && gmake[1]: Entering directory '/mnt/c/Users/cwier/documents/github/qcom/examples/usb_cam_stream/build_wsl/CMakeFiles/CMakeScratch/TryCompile-6L62ka']
  ignore line: [/usr/bin/gmake  -f CMakeFiles/cmTC_c5c2e.dir/build.make CMakeFiles/cmTC_c5c2e.dir/build]
  ignore line: [gmake[2]: Entering directory '/mnt/c/Users/cwier/documents/github/qcom/examples/usb_cam_stream/build_wsl/CMakeFiles/CMakeScratch/TryCompile-6L62ka']
  ignore line: [Building CXX object CMakeFiles/cmTC_c5c2e.dir/CMakeCXXCompilerABI.cpp.o]
  ignore line: [/mnt/c/Users/cwier/documents/github/qcom/toolchain/linux_x86_64/bin/riscv64-unknown-elf-g++   -v -o CMakeFiles/cmTC_c5c2e.dir/CMakeCXXCompilerABI.cpp.o -c /mnt/c/Users/cwier/documents/github/qcom/tools/cmake/share/cmake-3.25/Modules/CMakeCXXCompilerABI.cpp]
  ignore line: [Using built-in specs.]
  ignore line: [COLLECT_GCC=/mnt/c/Users/cwier/documents/github/qcom/toolchain/linux_x86_64/bin/riscv64-unknown-elf-g++]
  ignore line: [Target: riscv64-unknown-elf]
  ignore line: [Configured with: /local/mnt/workspace/balaband/Projects/QC/open_toolchain/xuantie-gnu-toolchain/riscv-gcc/configure --target=riscv64-unknown-elf CXXFLAGS='-g -O2 ' --disable-libgcctf --prefix=/opt/riscv --disable-shared --enable-threads=posix --enable-languages=c c++ --with-system-zlib --enable-tls --with-newlib --with-sysroot=/opt/riscv/riscv64-unknown-elf --with-native-system-header-dir=/include --disable-libmudflap --disable-libssp --disable-libquadmath --disable-libgomp --disable-nls --disable-tm-clone-registry --src=.././riscv-gcc --enable-multilib --with-abi=lp64d --with-arch=rv64imafdc 'CFLAGS_FOR_TARGET=-Os   -mcmodel=medlow' 'CXXFLAGS_FOR_TARGET=-Os   -mcmodel=medlow']
  ignore line: [Thread model: posix]
  ignore line: [Supported LTO compression algorithms: zlib]
  ignore line: [gcc version 10.4.0 (GCC) ]
  ignore line: [COLLECT_GCC_OPTIONS='-v' '-o' 'CMakeFiles/cmTC_c5c2e.dir/CMakeCXXCompilerABI.cpp.o' '-c' '-march=rv64imafdc' '-mabi=lp64d' '-march=rv64imafdc']
  ignore line: [ /mnt/c/Users/cwier/documents/github/qcom/toolchain/linux_x86_64/bin/../libexec/gcc/riscv64-unknown-elf/10.4.0/cc1plus -quiet -v -imultilib . -iprefix /mnt/c/Users/cwier/documents/github/qcom/toolchain/linux_x86_64/bin/../lib/gcc/riscv64-unknown-elf/10.4.0/ -isysroot /mnt/c/Users/cwier/documents/github/qcom/toolchain/linux_x86_64/bin/../riscv64-unknown-elf /mnt/c/Users/cwier/documents/github/qcom/tools/cmake/share/cmake-3.25/Modules/CMakeCXXCompilerABI.cpp -quiet -dumpbase CMakeCXXCompilerABI.cpp -march=rv64imafdc -mabi=lp64d -march=rv64imafdc -auxbase-strip CMakeFiles/cmTC_c5c2e.dir/CMakeCXXCompilerABI.cpp.o -version -o /tmp/cc4DvJm9.s]
  ignore line: [GNU C++14 (GCC) version 10.4.0 (riscv64-unknown-elf)]
  ignore line: [	compiled by GNU C version 9.4.0  GMP version 6.2.0  MPFR version 4.0.2  MPC version 1.1.0  isl version none]
  ignore line: [warning: GMP header version 6.2.0 differs from library version 6.2.1.]
  ignore line: [warning: MPFR header version 4.0.2 differs from library version 4.1.0.]
  ignore line: [warning: MPC header version 1.1.0 differs from library version 1.2.1.]
  ignore line: [GGC heuristics: --param ggc-min-expand=100 --param ggc-min-heapsize=131072]
  ignore line: [ignoring duplicate directory "/mnt/c/Users/cwier/documents/github/qcom/toolchain/linux_x86_64/bin/../lib/gcc/../../lib/gcc/riscv64-unknown-elf/10.4.0/../../../../riscv64-unknown-elf/include/c++/10.4.0"]
  ignore line: [ignoring duplicate directory "/mnt/c/Users/cwier/documents/github/qcom/toolchain/linux_x86_64/bin/../lib/gcc/../../lib/gcc/riscv64-unknown-elf/10.4.0/../../../../riscv64-unknown-elf/include/c++/10.4.0/riscv64-unknown-elf/."]
  ignore line: [ignoring duplicate directory "/mnt/c/Users/cwier/documents/github/qcom/toolchain/linux_x86_64/bin/../lib/gcc/../../lib/gcc/riscv64-unknown-elf/10.4.0/../../../../riscv64-unknown-elf/include/c++/10.4.0/backward"]
  ignore line: [ignoring duplicate directory "/mnt/c/Users/cwier/documents/github/qcom/toolchain/linux_x86_64/bin/../lib/gcc/../../lib/gcc/riscv64-unknown-elf/10.4.0/include"]
  ignore line: [ignoring nonexistent directory "/mnt/c/Users/cwier/documents/github/qcom/toolchain/linux_x86_64/bin/../riscv64-unknown-elf/usr/local/include"]
  ignore line: [ignoring duplicate directory "/mnt/c/Users/cwier/documents/github/qcom/toolchain/linux_x86_64/bin/../lib/gcc/../../lib/gcc/riscv64-unknown-elf/10.4.0/include-fixed"]
  ignore line: [ignoring duplicate directory "/mnt/c/Users/cwier/documents/github/qcom/toolchain/linux_x86_64/bin/../lib/gcc/../../lib/gcc/riscv64-unknown-elf/10.4.0/../../../../riscv64-unknown-elf/include"]
  ignore line: [ignoring duplicate directory "/mnt/c/Users/cwier/documents/github/qcom/toolchain/linux_x86_64/bin/../riscv64-unknown-elf/include"]
  ignore line: [#include "..." search starts here:]
  ignore line: [#include <...> search starts here:]
  ignore line: [ /mnt/c/Users/cwier/documents/github/qcom/toolchain/linux_x86_64/bin/../lib/gcc/riscv64-unknown-elf/10.4.0/../../../../riscv64-unknown-elf/include/c++/10.4.0]
  ignore line: [ /mnt/c/Users/cwier/documents/github/qcom/toolchain/linux_x86_64/bin/../lib/gcc/riscv64-unknown-elf/10.4.0/../../../../riscv64-unknown-elf/include/c++/10.4.0/riscv64-unknown-elf/.]
  ignore line: [ /mnt/c/Users/cwier/documents/github/qcom/toolchain/linux_x86_64/bin/../lib/gcc/riscv64-unknown-elf/10.4.0/../../../../riscv64-unknown-elf/include/c++/10.4.0/backward]
  ignore line: [ /mnt/c/Users/cwier/documents/github/qcom/toolchain/linux_x86_64/bin/../lib/gcc/riscv64-unknown-elf/10.4.0/include]
  ignore line: [ /mnt/c/Users/cwier/documents/github/qcom/toolchain/linux_x86_64/bin/../lib/gcc/riscv64-unknown-elf/10.4.0/include-fixed]
  ignore line: [ /mnt/c/Users/cwier/documents/github/qcom/toolchain/linux_x86_64/bin/../lib/gcc/riscv64-unknown-elf/10.4.0/../../../../riscv64-unknown-elf/include]
  ignore line: [End of search list.]
  ignore line: [GNU C++14 (GCC) version 10.4.0 (riscv64-unknown-elf)]
  ignore line: [	compiled by GNU C version 9.4.0  GMP version 6.2.0  MPFR version 4.0.2  MPC version 1.1.0  isl version none]
  ignore line: [warning: GMP header version 6.2.0 differs from library version 6.2.1.]
  ignore line: [warning: MPFR header version 4.0.2 differs from library version 4.1.0.]
  ignore line: [warning: MPC header version 1.1.0 differs from library version 1.2.1.]
  ignore line: [GGC heuristics: --param ggc-min-expand=100 --param ggc-min-heapsize=131072]
  ignore line: [Compiler executable checksum: 5b9c9cac36f6b283e3b396e6d7c88c06]
  ignore line: [COLLECT_GCC_OPTIONS='-v' '-o' 'CMakeFiles/cmTC_c5c2e.dir/CMakeCXXCompilerABI.cpp.o' '-c' '-march=rv64imafdc' '-mabi=lp64d' '-march=rv64imafdc']
  ignore line: [ /mnt/c/Users/cwier/documents/github/qcom/toolchain/linux_x86_64/bin/../lib/gcc/riscv64-unknown-elf/10.4.0/../../../../riscv64-unknown-elf/bin/as -v --traditional-format -march=rv64imafdc -march=rv64imafdc -mabi=lp64d -o CMakeFiles/cmTC_c5c2e.dir/CMakeCXXCompilerABI.cpp.o /tmp/cc4DvJm9.s]
  ignore line: [GNU assembler version 2.35 (riscv64-unknown-elf) using BFD version (GNU Binutils) 2.35]
  ignore line: [COMPILER_PATH=/mnt/c/Users/cwier/documents/github/qcom/toolchain/linux_x86_64/bin/../libexec/gcc/riscv64-unknown-elf/10.4.0/:/mnt/c/Users/cwier/documents/github/qcom/toolchain/linux_x86_64/bin/../libexec/gcc/:/mnt/c/Users/cwier/documents/github/qcom/toolchain/linux_x86_64/bin/../lib/gcc/riscv64-unknown-elf/10.4.0/../../../../riscv64-unknown-elf/bin/]
  ignore line: [LIBRARY_PATH=/mnt/c/Users/cwier/documents/github/qcom/toolchain/linux_x86_64/bin/../lib/gcc/riscv64-unknown-elf/10.4.0/:/mnt/c/Users/cwier/documents/github/qcom/toolchain/linux_x86_64/bin/../lib/gcc/:/mnt/c/Users/cwier/documents/github/qcom/toolchain/linux_x86_64/bin/../lib/gcc/riscv64-unknown-elf/10.4.0/../../../../riscv64-unknown-elf/lib/:/mnt/c/Users/cwier/documents/github/qcom/toolchain/linux_x86_64/bin/../riscv64-unknown-elf/lib/]
  ignore line: [COLLECT_GCC_OPTIONS='-v' '-o' 'CMakeFiles/cmTC_c5c2e.dir/CMakeCXXCompilerABI.cpp.o' '-c' '-march=rv64imafdc' '-mabi=lp64d' '-march=rv64imafdc']
  ignore line: [Linking CXX executable cmTC_c5c2e]
  ignore line: [/mnt/c/Users/cwier/documents/github/qcom/tools/cmake/bin/cmake -E cmake_link_script CMakeFiles/cmTC_c5c2e.dir/link.txt --verbose=1]
  ignore line: [/mnt/c/Users/cwier/documents/github/qcom/toolchain/linux_x86_64/bin/riscv64-unknown-elf-g++  -v CMakeFiles/cmTC_c5c2e.dir/CMakeCXXCompilerABI.cpp.o -o cmTC_c5c2e ]
  ignore line: [Using built-in specs.]
  ignore line: [COLLECT_GCC=/mnt/c/Users/cwier/documents/github/qcom/toolchain/linux_x86_64/bin/riscv64-unknown-elf-g++]
  ignore line: [COLLECT_LTO_WRAPPER=/mnt/c/Users/cwier/documents/github/qcom/toolchain/linux_x86_64/bin/../libexec/gcc/riscv64-unknown-elf/10.4.0/lto-wrapper]
  ignore line: [Target: riscv64-unknown-elf]
  ignore line: [Configured with: /local/mnt/workspace/balaband/Projects/QC/open_toolchain/xuantie-gnu-toolchain/riscv-gcc/configure --target=riscv64-unknown-elf CXXFLAGS='-g -O2 ' --disable-libgcctf --prefix=/opt/riscv --disable-shared --enable-threads=posix --enable-languages=c c++ --with-system-zlib --enable-tls --with-newlib --with-sysroot=/opt/riscv/riscv64-unknown-elf --with-native-system-header-dir=/include --disable-libmudflap --disable-libssp --disable-libquadmath --disable-libgomp --disable-nls --disable-tm-clone-registry --src=.././riscv-gcc --enable-multilib --with-abi=lp64d --with-arch=rv64imafdc 'CFLAGS_FOR_TARGET=-Os   -mcmodel=medlow' 'CXXFLAGS_FOR_TARGET=-Os   -mcmodel=medlow']
  ignore line: [Thread model: posix]
  ignore line: [Supported LTO compression algorithms: zlib]
  ignore line: [gcc version 10.4.0 (GCC) ]
  ignore line: [COMPILER_PATH=/mnt/c/Users/cwier/documents/github/qcom/toolchain/linux_x86_64/bin/../libexec/gcc/riscv64-unknown-elf/10.4.0/:/mnt/c/Users/cwier/documents/github/qcom/toolchain/linux_x86_64/bin/../libexec/gcc/:/mnt/c/Users/cwier/documents/github/qcom/toolchain/linux_x86_64/bin/../lib/gcc/riscv64-unknown-elf/10.4.0/../../../../riscv64-unknown-elf/bin/]
  ignore line: [LIBRARY_PATH=/mnt/c/Users/cwier/documents/github/qcom/toolchain/linux_x86_64/bin/../lib/gcc/riscv64-unknown-elf/10.4.0/:/mnt/c/Users/cwier/documents/github/qcom/toolchain/linux_x86_64/bin/../lib/gcc/:/mnt/c/Users/cwier/documents/github/qcom/toolchain/linux_x86_64/bin/../lib/gcc/riscv64-unknown-elf/10.4.0/../../../../riscv64-unknown-elf/lib/:/mnt/c/Users/cwier/documents/github/qcom/toolchain/linux_x86_64/bin/../riscv64-unknown-elf/lib/]
  ignore line: [COLLECT_GCC_OPTIONS='-v' '-o' 'cmTC_c5c2e' '-march=rv64imafdc' '-mabi=lp64d' '-march=rv64imafdc']
  link line: [ /mnt/c/Users/cwier/documents/github/qcom/toolchain/linux_x86_64/bin/../libexec/gcc/riscv64-unknown-elf/10.4.0/collect2 -plugin /mnt/c/Users/cwier/documents/github/qcom/toolchain/linux_x86_64/bin/../libexec/gcc/riscv64-unknown-elf/10.4.0/liblto_plugin.so -plugin-opt=/mnt/c/Users/cwier/documents/github/qcom/toolchain/linux_x86_64/bin/../libexec/gcc/riscv64-unknown-elf/10.4.0/lto-wrapper -plugin-opt=-fresolution=/tmp/ccmAstGY.res -plugin-opt=-pass-through=-lgcc -plugin-opt=-pass-through=-lc -plugin-opt=-pass-through=-lgloss -plugin-opt=-pass-through=-lgcc --sysroot=/mnt/c/Users/cwier/documents/github/qcom/toolchain/linux_x86_64/bin/../riscv64-unknown-elf -melf64lriscv -o cmTC_c5c2e /mnt/c/Users/cwier/documents/github/qcom/toolchain/linux_x86_64/bin/../lib/gcc/riscv64-unknown-elf/10.4.0/../../../../riscv64-unknown-elf/lib/crt0.o /mnt/c/Users/cwier/documents/github/qcom/toolchain/linux_x86_64/bin/../lib/gcc/riscv64-unknown-elf/10.4.0/crtbegin.o -L/mnt/c/Users/cwier/documents/github/qcom/toolchain/linux_x86_64/bin/../lib/gcc/riscv64-unknown-elf/10.4.0 -L/mnt/c/Users/cwier/documents/github/qcom/toolchain/linux_x86_64/bin/../lib/gcc -L/mnt/c/Users/cwier/documents/github/qcom/toolchain/linux_x86_64/bin/../lib/gcc/riscv64-unknown-elf/10.4.0/../../../../riscv64-unknown-elf/lib -L/mnt/c/Users/cwier/documents/github/qcom/toolchain/linux_x86_64/bin/../riscv64-unknown-elf/lib CMakeFiles/cmTC_c5c2e.dir/CMakeCXXCompilerABI.cpp.o -lstdc++ -lm -lgcc --start-group -lc -lgloss --end-group -lgcc /mnt/c/Users/cwier/documents/github/qcom/toolchain/linux_x86_64/bin/../lib/gcc/riscv64-unknown-elf/10.4.0/crtend.o]
    arg [/mnt/c/Users/cwier/documents/github/qcom/toolchain/linux_x86_64/bin/../libexec/gcc/riscv64-unknown-elf/10.4.0/collect2] ==> ignore
    arg [-plugin] ==> ignore
    arg [/mnt/c/Users/cwier/documents/github/qcom/toolchain/linux_x86_64/bin/../libexec/gcc/riscv64-unknown-elf/10.4.0/liblto_plugin.so] ==> ignore
    arg [-plugin-opt=/mnt/c/Users/cwier/documents/github/qcom/toolchain/linux_x86_64/bin/../libexec/gcc/riscv64-unknown-elf/10.4.0/lto-wrapper] ==> ignore
    arg [-plugin-opt=-fresolution=/tmp/ccmAstGY.res] ==> ignore
    arg [-plugin-opt=-pass-through=-lgcc] ==> ignore
    arg [-plugin-opt=-pass-through=-lc] ==> ignore
    arg [-plugin-opt=-pass-through=-lgloss] ==> ignore
    arg [-plugin-opt=-pass-through=-lgcc] ==> ignore
    arg [--sysroot=/mnt/c/Users/cwier/documents/github/qcom/toolchain/linux_x86_64/bin/../riscv64-unknown-elf] ==> ignore
    arg [-melf64lriscv] ==> ignore
    arg [-o] ==> ignore
    arg [cmTC_c5c2e] ==> ignore
    arg [/mnt/c/Users/cwier/documents/github/qcom/toolchain/linux_x86_64/bin/../lib/gcc/riscv64-unknown-elf/10.4.0/../../../../riscv64-unknown-elf/lib/crt0.o] ==> obj [/mnt/c/Users/cwier/documents/github/qcom/toolchain/linux_x86_64/bin/../lib/gcc/riscv64-unknown-elf/10.4.0/../../../../riscv64-unknown-elf/lib/crt0.o]
    arg [/mnt/c/Users/cwier/documents/github/qcom/toolchain/linux_x86_64/bin/../lib/gcc/riscv64-unknown-elf/10.4.0/crtbegin.o] ==> obj [/mnt/c/Users/cwier/documents/github/qcom/toolchain/linux_x86_64/bin/../lib/gcc/riscv64-unknown-elf/10.4.0/crtbegin.o]
    arg [-L/mnt/c/Users/cwier/documents/github/qcom/toolchain/linux_x86_64/bin/../lib/gcc/riscv64-unknown-elf/10.4.0] ==> dir [/mnt/c/Users/cwier/documents/github/qcom/toolchain/linux_x86_64/bin/../lib/gcc/riscv64-unknown-elf/10.4.0]
    arg [-L/mnt/c/Users/cwier/documents/github/qcom/toolchain/linux_x86_64/bin/../lib/gcc] ==> dir [/mnt/c/Users/cwier/documents/github/qcom/toolchain/linux_x86_64/bin/../lib/gcc]
    arg [-L/mnt/c/Users/cwier/documents/github/qcom/toolchain/linux_x86_64/bin/../lib/gcc/riscv64-unknown-elf/10.4.0/../../../../riscv64-unknown-elf/lib] ==> dir [/mnt/c/Users/cwier/documents/github/qcom/toolchain/linux_x86_64/bin/../lib/gcc/riscv64-unknown-elf/10.4.0/../../../../riscv64-unknown-elf/lib]
    arg [-L/mnt/c/Users/cwier/documents/github/qcom/toolchain/linux_x86_64/bin/../riscv64-unknown-elf/lib] ==> dir [/mnt/c/Users/cwier/documents/github/qcom/toolchain/linux_x86_64/bin/../riscv64-unknown-elf/lib]
    arg [CMakeFiles/cmTC_c5c2e.dir/CMakeCXXCompilerABI.cpp.o] ==> ignore
    arg [-lstdc++] ==> lib [stdc++]
    arg [-lm] ==> lib [m]
    arg [-lgcc] ==> lib [gcc]
    arg [--start-group] ==> ignore
    arg [-lc] ==> lib [c]
    arg [-lgloss] ==> lib [gloss]
    arg [--end-group] ==> ignore
    arg [-lgcc] ==> lib [gcc]
    arg [/mnt/c/Users/cwier/documents/github/qcom/toolchain/linux_x86_64/bin/../lib/gcc/riscv64-unknown-elf/10.4.0/crtend.o] ==> obj [/mnt/c/Users/cwier/documents/github/qcom/toolchain/linux_x86_64/bin/../lib/gcc/riscv64-unknown-elf/10.4.0/crtend.o]
  collapse obj [/mnt/c/Users/cwier/documents/github/qcom/toolchain/linux_x86_64/bin/../lib/gcc/riscv64-unknown-elf/10.4.0/../../../../riscv64-unknown-elf/lib/crt0.o] ==> [/mnt/c/Users/cwier/documents/github/qcom/toolchain/linux_x86_64/riscv64-unknown-elf/lib/crt0.o]
  collapse obj [/mnt/c/Users/cwier/documents/github/qcom/toolchain/linux_x86_64/bin/../lib/gcc/riscv64-unknown-elf/10.4.0/crtbegin.o] ==> [/mnt/c/Users/cwier/documents/github/qcom/toolchain/linux_x86_64/lib/gcc/riscv64-unknown-elf/10.4.0/crtbegin.o]
  collapse obj [/mnt/c/Users/cwier/documents/github/qcom/toolchain/linux_x86_64/bin/../lib/gcc/riscv64-unknown-elf/10.4.0/crtend.o] ==> [/mnt/c/Users/cwier/documents/github/qcom/toolchain/linux_x86_64/lib/gcc/riscv64-unknown-elf/10.4.0/crtend.o]
  collapse library dir [/mnt/c/Users/cwier/documents/github/qcom/toolchain/linux_x86_64/bin/../lib/gcc/riscv64-unknown-elf/10.4.0] ==> [/mnt/c/Users/cwier/documents/github/qcom/toolchain/linux_x86_64/lib/gcc/riscv64-unknown-elf/10.4.0]
  collapse library dir [/mnt/c/Users/cwier/documents/github/qcom/toolchain/linux_x86_64/bin/../lib/gcc] ==> [/mnt/c/Users/cwier/documents/github/qcom/toolchain/linux_x86_64/lib/gcc]
  collapse library dir [/mnt/c/Users/cwier/documents/github/qcom/toolchain/linux_x86_64/bin/../lib/gcc/riscv64-unknown-elf/10.4.0/../../../../riscv64-unknown-elf/lib] ==> [/mnt/c/Users/cwier/documents/github/qcom/toolchain/linux_x86_64/riscv64-unknown-elf/lib]
  collapse library dir [/mnt/c/Users/cwier/documents/github/qcom/toolchain/linux_x86_64/bin/../riscv64-unknown-elf/lib] ==> [/mnt/c/Users/cwier/documents/github/qcom/toolchain/linux_x86_64/riscv64-unknown-elf/lib]
  implicit libs: [stdc++;m;gcc;c;gloss;gcc]
  implicit objs: [/mnt/c/Users/cwier/documents/github/qcom/toolchain/linux_x86_64/riscv64-unknown-elf/lib/crt0.o;/mnt/c/Users/cwier/documents/github/qcom/toolchain/linux_x86_64/lib/gcc/riscv64-unknown-elf/10.4.0/crtbegin.o;/mnt/c/Users/cwier/documents/github/qcom/toolchain/linux_x86_64/lib/gcc/riscv64-unknown-elf/10.4.0/crtend.o]
  implicit dirs: [/mnt/c/Users/cwier/documents/github/qcom/toolchain/linux_x86_64/lib/gcc/riscv64-unknown-elf/10.4.0;/mnt/c/Users/cwier/documents/github/qcom/toolchain/linux_x86_64/lib/gcc;/mnt/c/Users/cwier/documents/github/qcom/toolchain/linux_x86_64/riscv64-unknown-elf/lib]
  implicit fwks: []


